Notes: 
* to follow the most recent log, tail --follow=name logs/last (with a gnu tail at least) 
* export PS4='+${BASH_SOURCE}:${LINENO}: ' ; bash -x make_env.sh will display line numbers
 
-----------
tic: symbol lookup error: tic: undefined symbol: _nc_check_termtype2
userapp@ubvonc:~/apps/test/usr/local/lib$ nm -Ap *.so*|grep nc_check_termtype2
libncurses.so.5.7:0003f32c D _nc_check_termtype2
userapp@ubvonc:~/apps/test/usr/local/lib$ env|grep LD
LDFLAGS=-L/home/userapp/apps/test/usr/local/lib -L/home/userapp/apps/test/usr/local/ssl/lib -R/home/userapp/apps/test/usr/local/ssl/lib -R/home/userapp/apps/test/usr/local/lib/sasl2
OLDPWD=/home/userapp/apps/test/usr/local
LD_LIBRARY_PATH=/home/userapp/apps/test/usr/local/lib:/home/userapp/apps/test/usr/local/ssl/lib:/home/userapp/apps/test/usr/local/apps/svn/lib
userapp@ubvonc:~/apps/test/usr/local/lib$ cd ../libs/ncurses-5.7/lib/
userapp@ubvonc:~/apps/test/usr/local/libs/ncurses-5.7/lib$ nm -Ap *.so*|grep nc_check_termtype2
libcurses.so:0003f32c D _nc_check_termtype2
libncurses.so:0003f32c D _nc_check_termtype2
libncurses.so.5:0003f32c D _nc_check_termtype2
libncurses.so.5.7:0003f32c D _nc_check_termtype2

userapp@ubvonc:~/apps/test/usr/local/libs/ncurses-5.7/bin$ ldd tic
  linux-gate.so.1 =>  (0x006d8000)
  libncurses.so.5 => /lib/libncurses.so.5 (0x00a64000)
  libc.so.6 => /lib/i386-linux-gnu/libc.so.6 (0x0050f000)
  libdl.so.2 => /lib/i386-linux-gnu/libdl.so.2 (0x002eb000)
  /lib/ld-linux.so.2 (0x00373000)

http://invisible-island.net/ncurses/ncurses.faq.html#big_terminfo: (not needed)
tic -s -1 -I -e 'ansi, ansi-m, color_xterm, ecma+color, klone+acs, klone+color, klone+sgr, klone+sgr-dumb, linux, pcansi-m, rxvt, vt52, vt100, vt102, vt220, xterm' terminfo.src > t

userapp@ubvonc:~/apps/test/usr/local/share/terminfo already there after compilation/installation of ncurses

------
/bin/sh ../../gcc/mkconfig.sh tconfig.h
/home/userapp/apps/tests/src/gcc-3.4.6/objdir/gcc/xgcc -B/home/userapp/apps/tests/src/gcc-3.4.6/objdir/gcc/ -B/home/userapp/apps/tests/usr/local/apps/gcc-3.4.6/i686-pc-linux-gnu/bin/ -B/home/userapp/apps/tests/usr/local/apps/gcc-3.4.6/i686-pc-linux-gnu/lib/ -isystem /home/userapp/apps/tests/usr/local/apps/gcc-3.4.6/i686-pc-linux-gnu/include -isystem /home/userapp/apps/tests/usr/local/apps/gcc-3.4.6/i686-pc-linux-gnu/sys-include -O2 -DIN_GCC    -W -Wall -Wwrite-strings -Wstrict-prototypes -Wmissing-prototypes -Wold-style-definition  -isystem ./include  -I. -I. -I../../gcc -I../../gcc/. -I../../gcc/../include   -g0 -finhibit-size-directive -fno-inline-functions -fno-exceptions -fno-zero-initialized-in-bss -fno-unit-at-a-time -fno-omit-frame-pointer \
   -c ../../gcc/crtstuff.c -DCRT_BEGIN \
  -o crtbegin.o
In file included from /usr/include/bits/errno.h:25,
                 from /usr/include/errno.h:36,
                 from ../../gcc/tsystem.h:85,
                 from ../../gcc/crtstuff.c:62:
/usr/include/linux/errno.h:4:23: asm/errno.h: No such file or directory
make[1]: *** [crtbegin.o] Error 1
make[1]: Leaving directory `/home/userapp/apps/tests/src/gcc-3.4.6/objdir/gcc'
make: *** [all-gcc] Error 2

=> add linux-api-headers or gcc-multilib
------
cyrus-sasl

creating libsasl2.la
(cd .libs && rm -f libsasl2.la && ln -s ../libsasl2.la libsasl2.la)
ln -s ../plugins/sasldb.c  ../plugins/cram.c ../plugins/plain.c ../plugins/anonymous.c .
adding static plugins and dependencies
ar cru .libs/libsasl2.a sasldb.o db_gdbm.o allockey.o cram.o plain.o anonymous.o
ar: sasldb.o: No such file or directory
make[2]: *** [libsasl2.a] Error 1
make[2]: Leaving directory `/home/userapp/apps/test/src/cyrus-sasl-2.1.21/lib'
make[1]: *** [all-recursive] Error 1
make[1]: Leaving directory `/home/userapp/apps/test/src/cyrus-sasl-2.1.21'
make: *** [all] Error 2

Must copy plugins/*.o and sasldb/*.o in lib for compil to progress
 822  ln -s . include
  823  l
  824  h
userapp@ubvonc:~/apps/test/usr/local/ssl/include/openssl$

=> compile ok
-----------
For now, installing a JDK is a pre-requisite, but:
https://svn.java.net/svn/hudson~svn/trunk/experiments/jdk-download/src/main/java/test/App.java

package test;

import org.apache.commons.io.IOUtils;
import org.apache.commons.io.output.NullWriter;
import org.dom4j.Document;
import org.dom4j.Element;
import org.dom4j.io.DOMReader;
import org.w3c.tidy.Tidy;

import java.io.PrintStream;
import java.io.PrintWriter;
import java.net.HttpURLConnection;
import java.net.URL;
import java.net.URLEncoder;
import java.util.List;
import java.util.logging.Logger;
import java.util.regex.Matcher;
import java.util.regex.Pattern;

/**
 * Can we download JDK without using HtmlUnit?
 *
 */
public class App {
    public static void main(String[] args) throws Exception {
        URL url = new URL("https://cds.sun.com/is-bin/INTERSHOP.enfinity/WFS/CDS-CDS_Developer-Site/en_US/-/USD/ViewProductDetail-Start?ProductRef=jdk-6u13-oth-JPR@CDS-CDS_Developer");


        HttpURLConnection con = (HttpURLConnection) url.openConnection();
        String cookie = con.getHeaderField("Set-Cookie");
        LOGGER.info("Cookie="+cookie);

        Tidy tidy = new Tidy();
        tidy.setErrout(new PrintWriter(new NullWriter()));
        DOMReader domReader = new DOMReader();
        Document dom = domReader.read(tidy.parseDOM(con.getInputStream(), null));

        Element form=null;
        for (Element e : (List<Element>)dom.selectNodes("//form")) {
            String action = e.attributeValue("action");
            LOGGER.info("Found form:"+action);
            if(action.contains("ViewFilteredProducts")) {
                form = e;
                break;
            }
        }

        con = (HttpURLConnection) new URL(form.attributeValue("action")).openConnection();
        con.setRequestMethod("POST");
        con.setDoOutput(true);
        con.setRequestProperty("Cookie",cookie);
        con.setRequestProperty("Content-Type","application/x-www-form-urlencoded");
        PrintStream os = new PrintStream(con.getOutputStream());

        // select platform
        Element p = (Element)form.selectSingleNode(".//select[@id='dnld_platform']");
        os.print(p.attributeValue("name")+"=Linux");

        // select language
        Element l = (Element)form.selectSingleNode(".//select[@id='dnld_language']");
        os.print("&"+l.attributeValue("name")+"="+l.element("option").attributeValue("value"));

        // the rest
        for (Element e : (List<Element>)form.selectNodes(".//input")) {
            os.print('&');
            os.print(e.attributeValue("name"));
            os.print('=');
            String value = e.attributeValue("value");
            if(value==null)
                os.print("on"); // assume this is a checkbox
            else
                os.print(URLEncoder.encode(value,"UTF-8"));
        }
        os.close();

        Pattern HREF = Pattern.compile("a href=\"([^\"]+)\"");
        Matcher m = HREF.matcher(IOUtils.toString(con.getInputStream()));
        // this page contains a missing --> that confuses dom4j/jtidy

        while(m.find()) {
            String link = m.group(1);
            if(link.contains("VerifyItem-Start"))
                System.out.println(link);
        }
    }

    private static final Logger LOGGER = Logger.getLogger(App.class.getName());
}
-------------
git:
/home/userapp/envs/201107/usr/local/apps/perl/bin/perl Makefile.PL PREFIX='/home/userapp/envs/201107/usr/local/apps/git-1.7.5.4' INSTALL_BASE=''
Perl lib version (5.12.2) doesn't match executable version (v5.12.3) at /home/userapp/usr/local/perl5.12.2/lib/5.12.2/sun4-solaris/Config.pm line 50.
Compilation failed in require at /home/userapp/usr/local/perl5.12.2/lib/5.12.2/ExtUtils/MakeMaker/Config.pm line 7.
BEGIN failed--compilation aborted at /home/userapp/usr/local/perl5.12.2/lib/5.12.2/ExtUtils/MakeMaker/Config.pm line 7.
Compilation failed in require at /home/userapp/usr/local/perl5.12.2/lib/5.12.2/ExtUtils/MakeMaker.pm line 9.
BEGIN failed--compilation aborted at /home/userapp/usr/local/perl5.12.2/lib/5.12.2/ExtUtils/MakeMaker.pm line 9.
Compilation failed in require at Makefile.PL line 1.
BEGIN failed--compilation aborted at Makefile.PL line 1.
gmake[1]: *** [perl.mak] Error 255
gmake: *** [perl/perl.mak] Error 2

=> means PERL5LIB wasn't set
visible with 'perl -V' (uppercase V, not -v)
--------------
bash-3.00$ git config --system -l
fatal: unable to read config file '/home/userapp/envs/201107/usr/local/var/gitconfig': No such file or directory
bash-3.00$ git config --global -l
alia.lg=log --graph --pretty=format:'%Cred%h%Creset -%C(yellow)%d%Creset %s %Cgreen(%ar) %C(bold blue)<%an>%Creset' --abbrev-commit --date=relative
alias.st=status
alias.br=branch
http.sslcainfo=/myserver/home/userapp/ssl/curl-ca-bundle.crt
color.ui=true
core.autocrlf=false
bash-3.00$ git config --local -l
core.repositoryformatversion=0
core.filemode=true
core.bare=false
core.logallrefupdates=true
remote.origin.fetch=+refs/heads/*:refs/remotes/origin/*
remote.origin.url=https://github.com/VonC/compileEverything
branch.master.remote=origin
branch.master.merge=refs/heads/master
user.name=VonC
user.email=vonc@laposte.net
github.user=VonC
github.token=123myToken456
------------------
See http://bugs.debian.org/cgi-bin/bugreport.cgi?bug=627335
Connection #0 seems to be dead!
export GIT_CURL_VERBOSE=1
export GIT_TRACE_PACKET=1
----------
certificate gihub
see ssl certificate
http://askubuntu.com/questions/23680/problems-with-certificate-with-wget-and-github-lately
openssl s_client -showcerts -connect github.com:443
-------------
ncurses unix
/home/userapp/envs/201107b/bin/g++  -o demo ../obj_s/demo.o -L../lib -lncurses++ -L../lib -lform -lmenu -lpanel -lncurses    -L/home/userapp/envs/201107b/usr/local/lib -L/home/userapp/envs/201107b/usr/local/ssl/lib -L/home/userapp/envs/201107b/usr/local/apps/python/lib -Wl,-rpath,/home/userapp/envs/201107b/src/ncurses-5.7/lib  -I../c++ -I../include -I. -DHAVE_CONFIG_H -I. -I../include -I/home/userapp/envs/201107b/usr/local/include -I/home/userapp/envs/201107b/usr/local/ssl/include -fPIC -O -U_FORTIFY_SOURCE -m64 -D_GNU_SOURCE -DNDEBUG -I/home/userapp/envs/201107b/usr/local/libs/ncurses-5.7/include -g -O2  -fPIC
/myserver/home/userapp/envs/201107b/usr/local/apps/gcc-3.4.6/bin/../lib/gcc/x86_64-unknown-linux-gnu/3.4.6/../../../../lib64/libstdc++.so: undefined reference to `libintl_textdomain'
/myserver/home/userapp/envs/201107b/usr/local/apps/gcc-3.4.6/bin/../lib/gcc/x86_64-unknown-linux-gnu/3.4.6/../../../../lib64/libstdc++.so: undefined reference to `libintl_bindtextdomain'
collect2: ld returned 1 exit status
make[1]: *** [demo] Error 1
make[1]: Leaving directory `/myserver/home/userapp/envs/201107b/src/ncurses-5.7/c++'
make: *** [all] Error 2
=> add -lintl to the Makefile

---------------------
Refactoring:
bash-3.00$ grep "\${H}/src" *
gen_sed -i 's/\${H}\/src/\${H}\/.cpl\/src/g' xxx
---------------------
pcre:
/bin/sh ./libtool --tag=CXX   --mode=link g++  -O2  -L/home/userapp/envs/201107c/usr/local/lib -L/home/userapp/envs/201107c/usr/local/ssl/lib -L/home/userapp/envs/201107c/usr/local/apps/python/lib -o pcrecpp_unittest pcrecpp_unittest.o libpcrecpp.la
libtool: link: g++ -O2 -o .libs/pcrecpp_unittest pcrecpp_unittest.o  -L/home/userapp/envs/201107c/usr/local/lib -L/home/userapp/envs/201107c/usr/local/ssl/lib -L/home/userapp/envs/201107c/usr/local/apps/python/lib ./.libs/libpcrecpp.so -L/home/userapp/envs/201107c/.cpl/src/gcc-3.4.6/objdir/x86_64-unknown-linux-gnu/libstdc++-v3/src -L/home/userapp/envs/201107c/.cpl/src/gcc-3.4.6/objdir/x86_64-unknown-linux-gnu/libstdc++-v3/src/.libs -L/home/userapp/envs/201107c/.cpl/src/gcc-3.4.6/objdir/gcc /home/userapp/envs/201107c/.cpl/src/pcre-8.12/.libs/libpcre.so /home/userapp/envs/201107c/usr/local/apps/gcc-3.4.6/lib/../lib64/libstdc++.so -L/lib/../lib64 -L/usr/lib/../lib64 -lm -lc -lgcc_s -Wl,-rpath -Wl,/home/userapp/envs/201107c/usr/local/libs/pcre-8.12/lib -Wl,-rpath -Wl,/home/userapp/envs/201107c/usr/local/apps/gcc-3.4.6/lib/../lib64
/home/userapp/envs/201107c/usr/local/apps/gcc-3.4.6/lib/../lib64/libstdc++.so: undefined reference to `libintl_textdomain'
/home/userapp/envs/201107c/usr/local/apps/gcc-3.4.6/lib/../lib64/libstdc++.so: undefined reference to `libintl_bindtextdomain'
collect2: ld returned 1 exit status
make[1]: *** [pcrecpp_unittest] Error 1
make[1]: Leaving directory `/myserver/home/userapp/envs/201107c/.cpl/src/pcre-8.12'
-------------
pcre on Solaris:
/bin/bash ./libtool --tag=CXX   --mode=link g++  -O2  -lintl -L/home/userapp/compileEverything/usr/local/lib -L/home/userapp/compileEverything/usr/local/ssl/lib -L/home/userapp/compileEverything/usr/local/apps/python/lib -o pcrecpp_unittest pcrecpp_unittest.o libpcrecpp.la
libtool: link: g++ -O2 -o .libs/pcrecpp_unittest pcrecpp_unittest.o  -L/home/userapp/compileEverything/usr/local/lib -L/home/userapp/compileEverything/usr/local/ssl/lib -L/home/userapp/compileEverything/usr/local/apps/python/lib ./.libs/libpcrecpp.so -L/myserver/svndata/users/userapp/compileEverything/.cpl/src/gcc-3.4.6/objdir/sparc-sun-solaris2.10/libstdc++-v3/src -L/myserver/svndata/users/userapp/compileEverything/.cpl/src/gcc-3.4.6/objdir/sparc-sun-solaris2.10/libstdc++-v3/src/.libs -L/myserver/svndata/users/userapp/compileEverything/.cpl/src/gcc-3.4.6/objdir/gcc /home/userapp/compileEverything/.cpl/src/pcre-8.12/.libs/libpcre.so /home/userapp/compileEverything/usr/local/libs/gettext-0.14.1/lib/libintl.so /home/userapp/compileEverything/usr/local/libs/libiconv-1.13.1/lib/libiconv.so -lc /home/userapp/compileEverything/usr/local/apps/gcc-3.4.6/lib/libstdc++.so -L/usr/ccs/bin -L/usr/ccs/lib -lm -lgcc_s -Wl,-R -Wl,/home/userapp/compileEverything/usr/local/libs/pcre-8.12/lib -Wl,-R -Wl,/home/userapp/compileEverything/usr/local/libs/gettext-0.14.1/lib -Wl,-R -Wl,/home/userapp/compileEverything/usr/local/libs/libiconv-1.13.1/lib -Wl,-R -Wl,/home/userapp/compileEverything/usr/local/apps/gcc-3.4.6/lib
ld: fatal: recording name conflict: file `/home/userapp/compileEverything/usr/local/apps/gcc-3.4.6/lib/libstdc++.so' and file `/myserver/svndata/user
s/userapp/compileEverything/.cpl/src/gcc-3.4.6/objdir/sparc-sun-solaris2.10/libstdc++-v3/src/.libs/libstdc++.so' provide identical dependency names: lib
stdc++.so.6  (possible multiple inclusion of the same file)
ld: fatal: File processing errors. No output written to .libs/pcrecpp_unittest
collect2: ld returned 1 exit status
make[1]: *** [pcrecpp_unittest] Error 1
make[1]: Leaving directory `/myserver/svndata/users/userapp/compileEverything/.cpl/src/pcre-8.12'

http://unixerrors.blogspot.com/2007/11/mysql-5_16.html

http://unixerrors.blogspot.com/2007/11/mysql-5_16.htmlThis is a really odd error. To fix it, i had to cd in to the directory from which i compiled gcc (AS you can see in my error message, its opt/install/gcc-3.4.4/), and went in to the directory specififed by the error
Once in there, i just did a
[kmorriso@moo]> mv libstdc++.so libstdc++.so.bak
No idea what the deal with this one was, or why it was looking in my src dir for library files. That directory wasn't in my ld_library_path.
-------------
nginx:
checking for libxslt in /opt/local/ ... not found

./configure: error: the HTTP XSLT module requires the libxml2/libxslt
libraries. You can either do not enable the module or install the libraries.
=> replace all /usr/local and /usr/include and /usr/local/include by full local path to usr/local
---------
libgcrypt
gcc -I/home/userapp/compileEverything/usr/local/libs/libgpgerror-1.10/include -I/home/userapp/compileEverything/usr/local/include -I/home/userapp/compileEverything/usr/local/ssl/include -fPIC -O -U_FORTIFY_SOURCE -Wall -o .libs/ac ac.o  -L/home/userapp/compileEverything/usr/local/lib -L/home/userapp/compileEverything/usr/local/ssl/lib -L/home/userapp/compileEverything/usr/local/apps/python/lib ../src/.libs/libgcrypt.so -L/home/userapp/compileEverything/usr/local/libs/libgpgerror-1.10/lib /home/userapp/compileEverything/usr/local/libs/libgpgerror-1.10/lib/libgpg-error.so /home/userapp/compileEverything/usr/local/libs/gettext-0.14.1/lib/libintl.so /home/userapp/compileEverything/usr/local/libs/libiconv-1.13.1/lib/libiconv.so -lc -lnsl -lsocket -R/home/userapp/compileEverything/usr/local/libs/libgcrypt-1.2.4/lib -R/home/userapp/compileEverything/usr/local/libs/libgpgerror-1.10/lib -R/home/msvprd02/compileEverything/usr/local/libs/gettext-0.14.1/lib -R/home/userapp/compileEverything/usr/local/libs/libiconv-1.13.1/lib
Undefined                       first referenced
 symbol                             in file
gcry_ac_data_verify                 ac.o
gcry_ac_open                        ac.o
gcry_ac_key_init                    ac.o
gcry_ac_data_encrypt                ac.o
gcry_ac_data_decrypt                ac.o
gcry_ac_data_destroy                ac.o
gcry_ac_close                       ac.o
gcry_ac_key_data_get                ac.o
gcry_ac_key_pair_generate           ac.o
gcry_ac_key_pair_extract            ac.o
gcry_ac_data_sign                   ac.o
gcry_ac_data_copy                   ac.o
gcry_ac_data_get_index              ac.o
ld: fatal: Symbol referencing errors. No output written to .libs/ac
collect2: ld returned 1 exit status
make[2]: *** [ac] Error 1
make[2]: Leaving directory `/myserver/svndata/users/userapp/compileEverything/.cpl/src/libgcrypt-1.2.4/tests'
make[1]: *** [all-recursive] Error 1
make[1]: Leaving directory `/myserver/svndata/users/userapp/compileEverything/.cpl/src/libgcrypt-1.2.4'

I have the same problem on solaris 2.6, I think it is about the linker or
libtool. On Solaris with non-gnu linker, libtool generate this command for
the shared library: 

It seems that the linker can not extract all symbols from libcipher.a
because "allextract" does not work fine at all, I solved the problem with
the gnu linker, just rename the path of the non-gnu linker so gcc or cc
will take the gnu-linker commonly installed in /usr/local/bin. With gnu
linker the command looks like this : 

--whole-archive instead allextract 

===> add  ../cipher/.libs/ac.o to the LDD options of the test/Makefile
CCLD = $(CC) ../cipher/.libs/ac.o
--------------
libxslt on Solaris

Undefined                       first referenced
 symbol                             in file
_fini
/usr/local/lib/gcc/sparc-sun-solaris2.10/3.4.6/crti.o  (symbol has no
version assigned)
_init
/usr/local/lib/gcc/sparc-sun-solaris2.10/3.4.6/crti.o  (symbol has no
version assigned)
xsltPointerListFree                 ./libxslt.syms
xsltCopyTree                        .libs/transform.o  (symbol has no
version assigned)



http://comments.gmane.org/gmane.comp.gnome.lib.xslt/4060
libxslt:

VERSION_SCRIPT_FLAGS=
$(/usr/bin/ld --help 2>&1 | grep -- --version-script >/dev/null) && \
    VERSION_SCRIPT_FLAGS=-Wl,--version-script=
test "`uname`" == "SunOS" && \
    VERSION_SCRIPT_FLAGS=""
#    VERSION_SCRIPT_FLAGS="-Wl,-M -Wl,"

--------------
nginx on Solaris:

gcc -c -I/home/userapp/compileEverything/usr/local/include -I/home/userapp/compileEverything/usr/local/ssl/include -fPIC -O -U_FORTIFY_SOURCE -I/home/m
svprd02/compileEverything/usr/local/include -I/home/userapp/compileEverything/usr/local/ssl/include -I src/core -I src/event -I src/event/modules -I src
/os/unix -I /home/userapp/compileEverything/usr/local/include/libxml2 -I objs -o objs/src/core/ngx_file.o src/core/ngx_file.c
/usr/ccs/bin/as: "/var/tmp//cckhXLrn.s", line 438: error: cannot use v8plus instructions in a non-v8plus target binary
make[1]: *** [objs/src/core/ngx_file.o] Error 1
make[1]: Leaving directory `/myserver/svndata/users/userapp/compileEverything/.cpl/src/nginx-1.0.5'

-------------
case "cygwin" in \
          hpux*) gcc -L/home/ausername/envs/20110805/usr/local/lib -L/home/ausername/envs/20110805/usr/local/ssl/lib -L/home/ausername/envs/20110805/usr/local/apps
/python/lib -I/home/ausername/envs/20110805/usr/local/include -I/home/ausername/envs/20110805/usr/local/ssl/include -fPIC -O -U_FORTIFY_SOURCE `if test -n ''; the
n  /home/ausername/envs/20110805/usr/local/libs/libiconv-1.13.1/bin; fi` iconv.o ../srclib/libicrt.a -L/home/ausername/envs/20110805/usr/local/libs/libiconv-1.13.
1/lib -liconv -lintl iconv.res `if test -n ''; then echo " -Wl,+b -Wl,/home/ausername/envs/20110805/usr/local/libs/libiconv-1.13.1/lib"; fi` -o iconv.exe;; \
          *) /bin/sh ../libtool --mode=link gcc -L/home/ausername/envs/20110805/usr/local/lib -L/home/ausername/envs/20110805/usr/local/ssl/lib -L/home/ausername/e
nvs/20110805/usr/local/apps/python/lib -I/home/ausername/envs/20110805/usr/local/include -I/home/ausername/envs/20110805/usr/local/ssl/include -fPIC -O -U_FORTIFY
_SOURCE `if test -n ''; then  /home/ausername/envs/20110805/usr/local/libs/libiconv-1.13.1/bin; fi` iconv.o ../srclib/libicrt.a /home/ausername/envs/20110805/usr/
local/libs/libiconv-1.13.1/lib/libiconv.la -lintl iconv.res -o iconv.exe;; \
        esac
libtool: link: cannot find the library `/usr/lib/libiconv.la' or unhandled argument `/usr/lib/libiconv.la'
make[1]: *** [install] Error 1
make[1]: Leaving directory `/home/ausername/envs/20110805/.cpl/src/libiconv-1.13.1/src'

=> modify libtool to explicitely reference  /home/ausername/envs/20110805/usr/local/libs/libiconv-1.13.1/lib/libiconv.la
-------------
gettext on cygwin during initial configure phase:

configure: configuring in autoconf-lib-link
configure: running /bin/sh './configure' --prefix=/home/ausername/envs/20110805/usr/local/libs/gettext-0.14.1  '--prefix=/home/ausername/envs/20110805/usr/local/libs/gettext-0.14.1' '--enable-shared' '--enable-static' '--with-libiconv-prefix=/home/ausername/envs/20110805/usr/local' '--with-libexpat-prefix=/home/ausername/envs/20110805/usr/local' 'CFLAGS=-I/home/ausername/envs/20110805/usr/local/include -I/home/ausername/envs/20110805/usr/local/ssl/include -fPIC -O -U_FORTIFY_SOURCE' 'CPPFLAGS=-I/home/ausername/envs/20110805/usr/local/include -I/home/ausername/envs/20110805/usr/local/ssl/include -fPIC -O -U_FORTIFY_SOURCE' 'LDFLAGS=-L/home/ausername/envs/20110805/usr/local/lib -L/home/ausername/envs/20110805/usr/local/ssl/lib -L/home/ausername/envs/20110805/usr/local/apps/python/li
b' --cache-file=/dev/null --srcdir=.
checking for a BSD-compatible install... /bin/install -c
checking whether build environment is sane... yes
checking for gawk... gawk
checking whether make sets $(MAKE)... yes
checking for gcc... gcc
checking for C compiler default output file name... configure: error: C compiler cannot create executables
See `config.log' for more details.
configure: error: /bin/sh './configure' failed for autoconf-lib-link

$ cygcheck `gcc -print-prog-name=gcc`
Found: C:\prog\cygwin\bin\gcc.exe
Found: C:\prog\cygwin\bin\gcc.exe
 -> C:\prog\cygwin\etc\alternatives\gcc
  -> C:\prog\cygwin\bin\gcc-3.exe
  C:\prog\cygwin\bin\gcc-3.exe
    C:\prog\cygwin\bin\cygwin1.dll
        C:\WINDOWS\system32\ADVAPI32.DLL
	      C:\WINDOWS\system32\KERNEL32.dll
	              C:\WINDOWS\system32\ntdll.dll
		            C:\WINDOWS\system32\RPCRT4.dll
			            C:\WINDOWS\system32\Secur32.dll
				      C:\prog\cygwin\bin\cygintl-8.dll
				          C:\prog\cygwin\home\ausername\envs\20110805\usr\local\bin\cygiconv-2.dllcygcheck: C:\prog\cygwin\home\ausername\envs\20110805\usr\local\bin\cygiconv-2.dll is a symlink instead of a DLL

See http://www.mail-archive.com/cygwin@cygwin.com/msg107619.html
The problem is that the Windows DLL loader doesn't know about symlinks, nor about Windows shortcuts.  
If at all, it might understand native NTFS symlinks starting with Windows Vista.  
But as long as we don't become super-rich and purchase Windows from Microsoft, it won't understand Cygwin symlinks.
------------
gcc configure on cygwin:

make[1]: Entering directory `/home/ausername/envs/20110805/.cpl/src/gcc-3.4.6/objdir/libiberty'
if [ x"" != x ]; then \
      gcc -c -DHAVE_CONFIG_H -I/home/ausername/envs/20110805/usr/local/include -I/home/ausername/envs/20110805/usr/local/ssl/include -fPIC -O -U_FORTIFY_SOURCE -I
      . -I../../libiberty/../include  -W -Wall -Wtraditional -pedantic  ../../libiberty/fibheap.c -o pic/fibheap.o; \
      else true; fi
	  gcc -c -DHAVE_CONFIG_H -I/home/ausername/envs/20110805/usr/local/include -I/home/ausername/envs/20110805/usr/local/ssl/include -fPIC -O -U_FORTIFY_SOURCE -I.
	  -I../../libiberty/../include  -W -Wall -Wtraditional -pedantic ../../libiberty/fibheap.c -o fibheap.o
	  ../../libiberty/fibheap.c:1: warning: -fPIC ignored for target (all code is position independent)
	  ../../libiberty/fibheap.c: In function `fibheap_union':
	  ../../libiberty/fibheap.c:166: warning: implicit declaration of function `free'
	  ../../libiberty/fibheap.c: In function `fibheap_delete_node':
	  ../../libiberty/fibheap.c:285: error: `LONG_MIN' undeclared (first use in this function)
	  ../../libiberty/fibheap.c:285: error: (Each undeclared identifier is reported only once
	  ../../libiberty/fibheap.c:285: error: for each function it appears in.)
	  ../../libiberty/fibheap.c: In function `fibheap_consolidate':
	  ../../libiberty/fibheap.c:395: warning: implicit declaration of function `memset'
	  make[1]: *** [fibheap.o] Error 1
	  make[1]: Leaving directory `/home/ausername/envs/20110805/.cpl/src/gcc-3.4.6/objdir/libiberty'
	  make: *** [all-libiberty] Error 2

http://gcc.gnu.org/bugzilla/show_bug.cgi?id=13334

Note that using non-standard @code{CFLAGS} can cause bootstrap to fail in
+@file{libiberty}, if these trigger a warning with the new compiler.  For
+example using @samp{-O2 -g -mcpu=i686} on @code{i686-pc-linux-gnu} will
+cause bootstrap failure as @code{-mcpu=} is deprecated in 3.4.0 and above

=> remove any option on CFLAG, and configure will pass on cygwin BUT CHECK NEXT ERROR FIRST
--------------
/home/ausername/envs/20110805/.cpl/src/gcc-3.4.6/objdir/gcc/xgcc -B/home/ausernale/envs/20110805/.cpl/src/gcc-3.4.6/objdir/gcc/ -B/home/ausername/envs/20110805/usr/local/apps/gcc-3.4.6/i686-pc-cygwin/bin/ -B/home/ausername/envs/20110805/usr/local/apps/gcc-3.4.6/i686-pc-cygwin/lib/ -isystem /home/ausername/envs/20110805/usr/local/apps/gcc-3.4.6/i686-pc-cygwin/include -isystem /home/ausername/envs/20110805/usr/local/apps/gcc-3.4.6/i686-pc-cygwin/sys-include -c -DHAVE_CONFIG_H -O2 -I/home/ausername/envs/20110805/usr/local/include -I/home/ausername/envs/20110805/usr/local/ssl/include -I. -I../../../libiberty/../include -W -Wall -Wtraditional -pedantic ../../../libiberty/strsignal.c -o strsignal.o
../../../libiberty/strsignal.c:414: error: conflicting types for 'strsignal'
/usr/include/string.h:93: error: previous declaration of 'strsignal' was here
../../../libiberty/strsignal.c:414: error: conflicting types for 'strsignal'
/usr/include/string.h:93: error: previous declaration of 'strsignal' was here
../../../libiberty/strsignal.c: In function `psignal':
../../../libiberty/strsignal.c:568: warning: comparison between signed and unsigned
make[1]: *** [strsignal.o] Error 1
make[1]: Leaving directory `/home/ausername/envs/20110805/.cpl/src/gcc-3.4.6/objdir/i686-pc-cygwin/libiberty'

http://gcc.gnu.org/bugzilla/show_bug.cgi?id=38903

This happens because libiberty configure has a hard-coded hack that kicks in
when building libiberty as a target library, which causes strsignal (and a
couple of others) to be removed from the list of functions for configure to
check against the system libraries, causing the libiberty versions to be built
when they aren't needed.  (They used to be required; formerly, Cygwin pulled in
the object files from libiberty when linking the DLL, but this was fixed some
time ago and the hack has been obsolete since then).  I am testing a patch to
remove the hack.

=> remove cygwin section in libiberty/configure.ac and libiberty/configure
http://gcc.gnu.org/bugzilla/attachment.cgi?id=17131&action=diff

Check if adding -DHAVE_STRSIGNAL to CFLAGS is enough to avoid this issue and the previous one
------------
zlib make install on cygwin

cp libz.a /home/ausername/envs/20110805/usr/local/libs/zlib-1.2.5/lib
cp  /home/ausername/envs/20110805/usr/local/libs/zlib-1.2.5/lib
cp: missing destination file operand after `/home/ausername/envs/20110805/usr/local/libs/zlib-1.2.5/lib'
Try `cp --help' for more information.
make: *** [install-libs] Error 1

http://en.gentoo-wiki.com/wiki/Prefix/Cygwin#zlib:_missing_destination

Alternatively: Set a condition for the critical line in Makefile.in and stay with the static lib.

 if test "$(SHAREDLIBV)"; then cp $(SHAREDLIBV) $(DESTDIR)$(sharedlibdir); fi

-----------

