Notes: 
* to follow the most recent log, tail --follow=name logs/last (with a gnu tail at least) 
* export PS4='+${BASH_SOURCE}:${LINENO}: ' ; bash -x make_env.sh will display line numbers
 
-----------
tic: symbol lookup error: tic: undefined symbol: _nc_check_termtype2
userapp@ubvonc:~/apps/test/usr/local/lib$ nm -Ap *.so*|grep nc_check_termtype2
libncurses.so.5.7:0003f32c D _nc_check_termtype2
userapp@ubvonc:~/apps/test/usr/local/lib$ env|grep LD
LDFLAGS=-L/home/userapp/apps/test/usr/local/lib -L/home/userapp/apps/test/usr/local/ssl/lib -R/home/userapp/apps/test/usr/local/ssl/lib -R/home/userapp/apps/test/usr/local/lib/sasl2
OLDPWD=/home/userapp/apps/test/usr/local
LD_LIBRARY_PATH=/home/userapp/apps/test/usr/local/lib:/home/userapp/apps/test/usr/local/ssl/lib:/home/userapp/apps/test/usr/local/apps/svn/lib
userapp@ubvonc:~/apps/test/usr/local/lib$ cd ../libs/ncurses-5.7/lib/
userapp@ubvonc:~/apps/test/usr/local/libs/ncurses-5.7/lib$ nm -Ap *.so*|grep nc_check_termtype2
libcurses.so:0003f32c D _nc_check_termtype2
libncurses.so:0003f32c D _nc_check_termtype2
libncurses.so.5:0003f32c D _nc_check_termtype2
libncurses.so.5.7:0003f32c D _nc_check_termtype2

userapp@ubvonc:~/apps/test/usr/local/libs/ncurses-5.7/bin$ ldd tic
  linux-gate.so.1 =>  (0x006d8000)
  libncurses.so.5 => /lib/libncurses.so.5 (0x00a64000)
  libc.so.6 => /lib/i386-linux-gnu/libc.so.6 (0x0050f000)
  libdl.so.2 => /lib/i386-linux-gnu/libdl.so.2 (0x002eb000)
  /lib/ld-linux.so.2 (0x00373000)

http://invisible-island.net/ncurses/ncurses.faq.html#big_terminfo: (not needed)
tic -s -1 -I -e 'ansi, ansi-m, color_xterm, ecma+color, klone+acs, klone+color, klone+sgr, klone+sgr-dumb, linux, pcansi-m, rxvt, vt52, vt100, vt102, vt220, xterm' terminfo.src > t

userapp@ubvonc:~/apps/test/usr/local/share/terminfo already there after compilation/installation of ncurses

------
/bin/sh ../../gcc/mkconfig.sh tconfig.h
/home/userapp/apps/tests/src/gcc-3.4.6/objdir/gcc/xgcc -B/home/userapp/apps/tests/src/gcc-3.4.6/objdir/gcc/ -B/home/userapp/apps/tests/usr/local/apps/gcc-3.4.6/i686-pc-linux-gnu/bin/ -B/home/userapp/apps/tests/usr/local/apps/gcc-3.4.6/i686-pc-linux-gnu/lib/ -isystem /home/userapp/apps/tests/usr/local/apps/gcc-3.4.6/i686-pc-linux-gnu/include -isystem /home/userapp/apps/tests/usr/local/apps/gcc-3.4.6/i686-pc-linux-gnu/sys-include -O2 -DIN_GCC    -W -Wall -Wwrite-strings -Wstrict-prototypes -Wmissing-prototypes -Wold-style-definition  -isystem ./include  -I. -I. -I../../gcc -I../../gcc/. -I../../gcc/../include   -g0 -finhibit-size-directive -fno-inline-functions -fno-exceptions -fno-zero-initialized-in-bss -fno-unit-at-a-time -fno-omit-frame-pointer \
   -c ../../gcc/crtstuff.c -DCRT_BEGIN \
  -o crtbegin.o
In file included from /usr/include/bits/errno.h:25,
                 from /usr/include/errno.h:36,
                 from ../../gcc/tsystem.h:85,
                 from ../../gcc/crtstuff.c:62:
/usr/include/linux/errno.h:4:23: asm/errno.h: No such file or directory
make[1]: *** [crtbegin.o] Error 1
make[1]: Leaving directory `/home/userapp/apps/tests/src/gcc-3.4.6/objdir/gcc'
make: *** [all-gcc] Error 2

=> add linux-api-headers or gcc-multilib
------
cyrus-sasl

creating libsasl2.la
(cd .libs && rm -f libsasl2.la && ln -s ../libsasl2.la libsasl2.la)
ln -s ../plugins/sasldb.c  ../plugins/cram.c ../plugins/plain.c ../plugins/anonymous.c .
adding static plugins and dependencies
ar cru .libs/libsasl2.a sasldb.o db_gdbm.o allockey.o cram.o plain.o anonymous.o
ar: sasldb.o: No such file or directory
make[2]: *** [libsasl2.a] Error 1
make[2]: Leaving directory `/home/userapp/apps/test/src/cyrus-sasl-2.1.21/lib'
make[1]: *** [all-recursive] Error 1
make[1]: Leaving directory `/home/userapp/apps/test/src/cyrus-sasl-2.1.21'
make: *** [all] Error 2

Must copy plugins/*.o and sasldb/*.o in lib for compil to progress
 822  ln -s . include
  823  l
  824  h
userapp@ubvonc:~/apps/test/usr/local/ssl/include/openssl$

=> compile ok
-----------
For now, installing a JDK is a pre-requisite, but:
https://svn.java.net/svn/hudson~svn/trunk/experiments/jdk-download/src/main/java/test/App.java

package test;

import org.apache.commons.io.IOUtils;
import org.apache.commons.io.output.NullWriter;
import org.dom4j.Document;
import org.dom4j.Element;
import org.dom4j.io.DOMReader;
import org.w3c.tidy.Tidy;

import java.io.PrintStream;
import java.io.PrintWriter;
import java.net.HttpURLConnection;
import java.net.URL;
import java.net.URLEncoder;
import java.util.List;
import java.util.logging.Logger;
import java.util.regex.Matcher;
import java.util.regex.Pattern;

/**
 * Can we download JDK without using HtmlUnit?
 *
 */
public class App {
    public static void main(String[] args) throws Exception {
        URL url = new URL("https://cds.sun.com/is-bin/INTERSHOP.enfinity/WFS/CDS-CDS_Developer-Site/en_US/-/USD/ViewProductDetail-Start?ProductRef=jdk-6u13-oth-JPR@CDS-CDS_Developer");


        HttpURLConnection con = (HttpURLConnection) url.openConnection();
        String cookie = con.getHeaderField("Set-Cookie");
        LOGGER.info("Cookie="+cookie);

        Tidy tidy = new Tidy();
        tidy.setErrout(new PrintWriter(new NullWriter()));
        DOMReader domReader = new DOMReader();
        Document dom = domReader.read(tidy.parseDOM(con.getInputStream(), null));

        Element form=null;
        for (Element e : (List<Element>)dom.selectNodes("//form")) {
            String action = e.attributeValue("action");
            LOGGER.info("Found form:"+action);
            if(action.contains("ViewFilteredProducts")) {
                form = e;
                break;
            }
        }

        con = (HttpURLConnection) new URL(form.attributeValue("action")).openConnection();
        con.setRequestMethod("POST");
        con.setDoOutput(true);
        con.setRequestProperty("Cookie",cookie);
        con.setRequestProperty("Content-Type","application/x-www-form-urlencoded");
        PrintStream os = new PrintStream(con.getOutputStream());

        // select platform
        Element p = (Element)form.selectSingleNode(".//select[@id='dnld_platform']");
        os.print(p.attributeValue("name")+"=Linux");

        // select language
        Element l = (Element)form.selectSingleNode(".//select[@id='dnld_language']");
        os.print("&"+l.attributeValue("name")+"="+l.element("option").attributeValue("value"));

        // the rest
        for (Element e : (List<Element>)form.selectNodes(".//input")) {
            os.print('&');
            os.print(e.attributeValue("name"));
            os.print('=');
            String value = e.attributeValue("value");
            if(value==null)
                os.print("on"); // assume this is a checkbox
            else
                os.print(URLEncoder.encode(value,"UTF-8"));
        }
        os.close();

        Pattern HREF = Pattern.compile("a href=\"([^\"]+)\"");
        Matcher m = HREF.matcher(IOUtils.toString(con.getInputStream()));
        // this page contains a missing --> that confuses dom4j/jtidy

        while(m.find()) {
            String link = m.group(1);
            if(link.contains("VerifyItem-Start"))
                System.out.println(link);
        }
    }

    private static final Logger LOGGER = Logger.getLogger(App.class.getName());
}
-------------
git:
/home/userapp/envs/201107/usr/local/apps/perl/bin/perl Makefile.PL PREFIX='/home/userapp/envs/201107/usr/local/apps/git-1.7.5.4' INSTALL_BASE=''
Perl lib version (5.12.2) doesn't match executable version (v5.12.3) at /home/userapp/usr/local/perl5.12.2/lib/5.12.2/sun4-solaris/Config.pm line 50.
Compilation failed in require at /home/userapp/usr/local/perl5.12.2/lib/5.12.2/ExtUtils/MakeMaker/Config.pm line 7.
BEGIN failed--compilation aborted at /home/userapp/usr/local/perl5.12.2/lib/5.12.2/ExtUtils/MakeMaker/Config.pm line 7.
Compilation failed in require at /home/userapp/usr/local/perl5.12.2/lib/5.12.2/ExtUtils/MakeMaker.pm line 9.
BEGIN failed--compilation aborted at /home/userapp/usr/local/perl5.12.2/lib/5.12.2/ExtUtils/MakeMaker.pm line 9.
Compilation failed in require at Makefile.PL line 1.
BEGIN failed--compilation aborted at Makefile.PL line 1.
gmake[1]: *** [perl.mak] Error 255
gmake: *** [perl/perl.mak] Error 2

=> means PERL5LIB wasn't set
visible with 'perl -V' (uppercase V, not -v)
--------------
bash-3.00$ git config --system -l
fatal: unable to read config file '/home/userapp/envs/201107/usr/local/var/gitconfig': No such file or directory
bash-3.00$ git config --global -l
alia.lg=log --graph --pretty=format:'%Cred%h%Creset -%C(yellow)%d%Creset %s %Cgreen(%ar) %C(bold blue)<%an>%Creset' --abbrev-commit --date=relative
alias.st=status
alias.br=branch
http.sslcainfo=/myserver/home/userapp/ssl/curl-ca-bundle.crt
color.ui=true
core.autocrlf=false
bash-3.00$ git config --local -l
core.repositoryformatversion=0
core.filemode=true
core.bare=false
core.logallrefupdates=true
remote.origin.fetch=+refs/heads/*:refs/remotes/origin/*
remote.origin.url=https://github.com/VonC/compileEverything
branch.master.remote=origin
branch.master.merge=refs/heads/master
user.name=VonC
user.email=vonc@laposte.net
github.user=VonC
github.token=123myToken456
------------------
See http://bugs.debian.org/cgi-bin/bugreport.cgi?bug=627335
Connection #0 seems to be dead!
export GIT_CURL_VERBOSE=1
export GIT_TRACE_PACKET=1
----------
certificate gihub
see ssl certificate
http://askubuntu.com/questions/23680/problems-with-certificate-with-wget-and-github-lately
openssl s_client -showcerts -connect github.com:443
-------------
ncurses unix
/home/userapp/envs/201107b/bin/g++  -o demo ../obj_s/demo.o -L../lib -lncurses++ -L../lib -lform -lmenu -lpanel -lncurses    -L/home/userapp/envs/201107b/usr/local/lib -L/home/userapp/envs/201107b/usr/local/ssl/lib -L/home/userapp/envs/201107b/usr/local/apps/python/lib -Wl,-rpath,/home/userapp/envs/201107b/src/ncurses-5.7/lib  -I../c++ -I../include -I. -DHAVE_CONFIG_H -I. -I../include -I/home/userapp/envs/201107b/usr/local/include -I/home/userapp/envs/201107b/usr/local/ssl/include -fPIC -O -U_FORTIFY_SOURCE -m64 -D_GNU_SOURCE -DNDEBUG -I/home/userapp/envs/201107b/usr/local/libs/ncurses-5.7/include -g -O2  -fPIC
/myserver/home/userapp/envs/201107b/usr/local/apps/gcc-3.4.6/bin/../lib/gcc/x86_64-unknown-linux-gnu/3.4.6/../../../../lib64/libstdc++.so: undefined reference to `libintl_textdomain'
/myserver/home/userapp/envs/201107b/usr/local/apps/gcc-3.4.6/bin/../lib/gcc/x86_64-unknown-linux-gnu/3.4.6/../../../../lib64/libstdc++.so: undefined reference to `libintl_bindtextdomain'
collect2: ld returned 1 exit status
make[1]: *** [demo] Error 1
make[1]: Leaving directory `/myserver/home/userapp/envs/201107b/src/ncurses-5.7/c++'
make: *** [all] Error 2
=> add -lintl to the Makefile
